19:14:45 **** Build of project mem_test_bsp ****
make -k all 
libgen -hw ../hw_platform_0/system.xml\
	       \
	       -pe ps7_cortexa9_0 \
	       -log libgen.log \
	       system.mss
libgen
Xilinx EDK 2013.4 Build EDK_2013.4.20131205
Copyright (c) 1995-2012 Xilinx, Inc.  All rights reserved.

Command Line: libgen -hw ../hw_platform_0/system.xml -pe ps7_cortexa9_0 -log
libgen.log system.mss 


Staging source files.
Running DRCs.
Running generate.
Running post_generate.
Running include - 'make -s include "COMPILER=arm-xilinx-eabi-gcc"
"ARCHIVER=arm-xilinx-eabi-ar" "COMPILER_FLAGS= -O2 -c"
"EXTRA_COMPILER_FLAGS=-g"'.

Running libs - 'make -s libs "COMPILER=arm-xilinx-eabi-gcc"
"ARCHIVER=arm-xilinx-eabi-ar" "COMPILER_FLAGS= -O2 -c"
"EXTRA_COMPILER_FLAGS=-g"'.
"Compiling standalone"
arm-xilinx-eabi-ar: creating ../../../lib/libxil.a
"Compiling devcfg"
"Compiling dmaps"
"Compiling scugic"
"Compiling scutimer"
"Compiling scuwdt"
"Compiling uartps"
"Compiling xadcps"
"Compiling cpu_cortexa9"
Running execs_generate.
'Finished building libraries'
19:15:17 **** Build of configuration Debug for project mem_test ****
make all 
'Building file: ../src/helloworld.c'
'Invoking: ARM gcc compiler'
arm-xilinx-eabi-gcc -Wall -O0 -g3 -c -fmessage-length=0 -I../../mem_test_bsp/ps7_cortexa9_0/include -MMD -MP -MF"src/helloworld.d" -MT"src/helloworld.d" -o "src/helloworld.o" "../src/helloworld.c"
'Finished building: ../src/helloworld.c'
' '
'Building file: ../src/platform.c'
'Invoking: ARM gcc compiler'
arm-xilinx-eabi-gcc -Wall -O0 -g3 -c -fmessage-length=0 -I../../mem_test_bsp/ps7_cortexa9_0/include -MMD -MP -MF"src/platform.d" -MT"src/platform.d" -o "src/platform.o" "../src/platform.c"
'Finished building: ../src/platform.c'
' '
'Building target: mem_test.elf'
'Invoking: ARM gcc linker'
arm-xilinx-eabi-gcc -Wl,-T -Wl,../src/lscript.ld -L../../mem_test_bsp/ps7_cortexa9_0/lib -o "mem_test.elf"  ./src/helloworld.o ./src/platform.o   -Wl,--start-group,-lxil,-lgcc,-lc,--end-group
'Finished building target: mem_test.elf'
' '
'Invoking: ARM Print Size'
arm-xilinx-eabi-size mem_test.elf  |tee "mem_test.elf.size"
   text	   data	    bss	    dec	    hex	filename
  22872	   1096	  22612	  46580	   b5f4	mem_test.elf
'Finished building: mem_test.elf.size'
' '
19:25:38 **** Auto Build of project mem_test_bsp ****
make -k all 
Cannot run program "make": ????????งน?
19:25:56 **** Auto Build of project mem_test_bsp ****
make -k all 
'Finished building libraries'
19:25:56 **** Auto Build of configuration Debug for project mem_test ****
make all 
make: Nothing to be done for `all'.
19:28:22 **** Build of project mem_test_bsp ****
make -k all 
'Finished building libraries'
19:29:28 **** Build of project mem_test_bsp ****
make -k all 
libgen -hw ../hw_platform_0/system.xml\
	       \
	       -pe ps7_cortexa9_0 \
	       -log libgen.log \
	       system.mss
libgen
Xilinx EDK 2013.4 Build EDK_2013.4.20131205
Copyright (c) 1995-2012 Xilinx, Inc.  All rights reserved.

Command Line: libgen -hw ../hw_platform_0/system.xml -pe ps7_cortexa9_0 -log
libgen.log system.mss 


Staging source files.
Running DRCs.
Running generate.
Running post_generate.
Running include - 'make -s include "COMPILER=arm-xilinx-eabi-gcc"
"ARCHIVER=arm-xilinx-eabi-ar" "COMPILER_FLAGS= -O2 -c"
"EXTRA_COMPILER_FLAGS=-g"'.

Running libs - 'make -s libs "COMPILER=arm-xilinx-eabi-gcc"
"ARCHIVER=arm-xilinx-eabi-ar" "COMPILER_FLAGS= -O2 -c"
"EXTRA_COMPILER_FLAGS=-g"'.
"Compiling standalone"
arm-xilinx-eabi-ar: creating ../../../lib/libxil.a
"Compiling devcfg"
"Compiling dmaps"
"Compiling scugic"
"Compiling scutimer"
"Compiling scuwdt"
"Compiling uartps"
"Compiling xadcps"
"Compiling cpu_cortexa9"
Running execs_generate.
'Finished building libraries'
19:29:42 **** Build of configuration Debug for project mem_test ****
make all 
'Building file: ../src/memory_config_g.c'
'Invoking: ARM gcc compiler'
arm-xilinx-eabi-gcc -Wall -O0 -g3 -c -fmessage-length=0 -I../../mem_test_bsp/ps7_cortexa9_0/include -MMD -MP -MF"src/memory_config_g.d" -MT"src/memory_config_g.d" -o "src/memory_config_g.o" "../src/memory_config_g.c"
'Finished building: ../src/memory_config_g.c'
' '
'Building file: ../src/memorytest.c'
'Invoking: ARM gcc compiler'
arm-xilinx-eabi-gcc -Wall -O0 -g3 -c -fmessage-length=0 -I../../mem_test_bsp/ps7_cortexa9_0/include -MMD -MP -MF"src/memorytest.d" -MT"src/memorytest.d" -o "src/memorytest.o" "../src/memorytest.c"
'Finished building: ../src/memorytest.c'
' '
'Building file: ../src/platform.c'
'Invoking: ARM gcc compiler'
arm-xilinx-eabi-gcc -Wall -O0 -g3 -c -fmessage-length=0 -I../../mem_test_bsp/ps7_cortexa9_0/include -MMD -MP -MF"src/platform.d" -MT"src/platform.d" -o "src/platform.o" "../src/platform.c"
'Finished building: ../src/platform.c'
' '
'Building target: mem_test.elf'
'Invoking: ARM gcc linker'
arm-xilinx-eabi-gcc -Wl,-T -Wl,../src/lscript.ld -L../../mem_test_bsp/ps7_cortexa9_0/lib -o "mem_test.elf"  ./src/memory_config_g.o ./src/memorytest.o ./src/platform.o   -Wl,--start-group,-lxil,-lgcc,-lc,--end-group
'Finished building target: mem_test.elf'
' '
'Invoking: ARM Print Size'
arm-xilinx-eabi-size mem_test.elf  |tee "mem_test.elf.size"
   text	   data	    bss	    dec	    hex	filename
  26136	   1136	  14436	  41708	   a2ec	mem_test.elf
'Finished building: mem_test.elf.size'
' '
19:40:05 **** Incremental Build of configuration Debug for project mem_test ****
make all 
make: Nothing to be done for `all'.
19:41:30 **** Incremental Build of configuration Debug for project mem_test ****
make all 
make: Nothing to be done for `all'.
19:41:59 **** Incremental Build of configuration Debug for project mem_test ****
make all 
make: Nothing to be done for `all'.
19:42:47 **** Incremental Build of configuration Debug for project mem_test ****
make all 
make: Nothing to be done for `all'.
19:44:08 **** Incremental Build of configuration Debug for project mem_test ****
make all 
make: Nothing to be done for `all'.
19:46:22 **** Incremental Build of configuration Debug for project mem_test ****
make all 
make: Nothing to be done for `all'.
19:47:15 **** Incremental Build of configuration Debug for project mem_test ****
make all 
make: Nothing to be done for `all'.
19:48:32 **** Incremental Build of configuration Debug for project mem_test ****
make all 
make: Nothing to be done for `all'.
19:49:17 **** Incremental Build of configuration Debug for project mem_test ****
make all 
make: Nothing to be done for `all'.
19:51:08 **** Incremental Build of configuration Debug for project mem_test ****
make all 
make: Nothing to be done for `all'.
19:52:45 **** Incremental Build of configuration Debug for project mem_test ****
make all 
make: Nothing to be done for `all'.
19:53:06 **** Incremental Build of configuration Debug for project mem_test ****
make all 
make: Nothing to be done for `all'.
19:53:50 **** Incremental Build of configuration Debug for project mem_test ****
make all 
make: Nothing to be done for `all'.
19:54:14 **** Incremental Build of configuration Debug for project mem_test ****
make all 
make: Nothing to be done for `all'.
19:55:37 **** Incremental Build of configuration Debug for project mem_test ****
make all 
make: Nothing to be done for `all'.
19:59:09 **** Incremental Build of configuration Debug for project mem_test ****
make all 
make: Nothing to be done for `all'.
20:02:31 **** Auto Build of project mem_test_bsp ****
make -k all 
'Finished building libraries'
20:07:56 **** Incremental Build of configuration Debug for project mem_test ****
make all 
make: Nothing to be done for `all'.
20:10:21 **** Incremental Build of configuration Debug for project mem_test ****
make all 
make: Nothing to be done for `all'.
20:11:02 **** Incremental Build of configuration Debug for project mem_test ****
make all 
make: Nothing to be done for `all'.
20:11:18 **** Incremental Build of configuration Debug for project mem_test ****
make all 
make: Nothing to be done for `all'.
20:12:45 **** Incremental Build of configuration Debug for project mem_test ****
make all 
make: Nothing to be done for `all'.
20:13:11 **** Incremental Build of configuration Debug for project mem_test ****
make all 
make: Nothing to be done for `all'.
20:16:39 **** Incremental Build of configuration Debug for project mem_test ****
make all 
make: Nothing to be done for `all'.
20:18:55 **** Incremental Build of configuration Debug for project mem_test ****
make all 
make: Nothing to be done for `all'.
20:27:09 **** Auto Build of project mem_test_bsp ****
make -k all 
libgen -hw ../hw_platform_0/system.xml\
	       \
	       -pe ps7_cortexa9_0 \
	       -log libgen.log \
	       system.mss
libgen
Xilinx EDK 2013.4 Build EDK_2013.4.20131205
Copyright (c) 1995-2012 Xilinx, Inc.  All rights reserved.

Command Line: libgen -hw ../hw_platform_0/system.xml -pe ps7_cortexa9_0 -log
libgen.log system.mss 


Staging source files.
Running DRCs.
Running generate.
Running post_generate.
Running include - 'make -s include "COMPILER=arm-xilinx-eabi-gcc"
"ARCHIVER=arm-xilinx-eabi-ar" "COMPILER_FLAGS= -O2 -c"
"EXTRA_COMPILER_FLAGS=-g"'.

Running libs - 'make -s libs "COMPILER=arm-xilinx-eabi-gcc"
"ARCHIVER=arm-xilinx-eabi-ar" "COMPILER_FLAGS= -O2 -c"
"EXTRA_COMPILER_FLAGS=-g"'.
"Compiling standalone"
arm-xilinx-eabi-ar: creating ../../../lib/libxil.a
"Compiling devcfg"
"Compiling dmaps"
"Compiling scugic"
"Compiling scutimer"
"Compiling scuwdt"
"Compiling uartps"
"Compiling xadcps"
"Compiling cpu_cortexa9"
Running execs_generate.
'Finished building libraries'
20:27:35 **** Auto Build of configuration Debug for project mem_test ****
make all 
make: Nothing to be done for `all'.
20:30:20 **** Incremental Build of configuration Debug for project mem_test ****
make all 
make: Nothing to be done for `all'.
20:33:14 **** Incremental Build of configuration Debug for project mem_test ****
make all 
make: Nothing to be done for `all'.
20:34:22 **** Incremental Build of configuration Debug for project mem_test ****
make all 
make: Nothing to be done for `all'.
20:34:30 **** Incremental Build of configuration Debug for project mem_test ****
make all 
make: Nothing to be done for `all'.
